[backblue.gif]
[fade.gif]
[index.html]
[demo.bonefishcode.com/eleanore/assets/img/apple-touch-icon.png]
[demo.bonefishcode.com/eleanore/assets/img/favicon.ico]
[demo.bonefishcode.com/eleanore/assets/js/modernizr-2.8.3.min.js]
[demo.bonefishcode.com/eleanore/assets/img/site-header-logo-light.png]
[demo.bonefishcode.com/eleanore/assets/img/site-header-logo-dark.png]
[demo.bonefishcode.com/eleanore/assets/img/home/home-phone-1.png]
[demo.bonefishcode.com/eleanore/assets/img/home/home-phone-2.png]
[demo.bonefishcode.com/eleanore/assets/img/service/service-icon-1.png]
[demo.bonefishcode.com/eleanore/assets/img/service/service-icon-2.png]
[demo.bonefishcode.com/eleanore/assets/img/service/service-icon-3.png]
[demo.bonefishcode.com/eleanore/assets/img/service/service-icon-4.png]
[demo.bonefishcode.com/eleanore/assets/img/feature/feature-phone-1.png]
[demo.bonefishcode.com/eleanore/assets/img/feature/feature-phone-2.png]
[demo.bonefishcode.com/eleanore/assets/img/feature/feature-phone-3.png]
[demo.bonefishcode.com/eleanore/assets/img/feature/feature-phone-4.png]
[demo.bonefishcode.com/eleanore/assets/img/watch-video/watch-video-phone-1.png]
[demo.bonefishcode.com/eleanore/assets/img/screenshot/screenshot-1-popup.jpg]
[demo.bonefishcode.com/eleanore/assets/img/screenshot/screenshot-2-popup.jpg]
[demo.bonefishcode.com/eleanore/assets/img/screenshot/screenshot-2.jpg]
[demo.bonefishcode.com/eleanore/assets/img/screenshot/screenshot-3-popup.jpg]
[demo.bonefishcode.com/eleanore/assets/img/screenshot/screenshot-3.jpg]
[demo.bonefishcode.com/eleanore/assets/img/screenshot/screenshot-4-popup.jpg]
[demo.bonefishcode.com/eleanore/assets/img/screenshot/screenshot-4.jpg]
[demo.bonefishcode.com/eleanore/assets/img/number/number-icon-1.png]
[demo.bonefishcode.com/eleanore/assets/img/number/number-icon-2.png]
[demo.bonefishcode.com/eleanore/assets/img/number/number-icon-3.png]
[demo.bonefishcode.com/eleanore/assets/img/number/number-icon-4.png]
[demo.bonefishcode.com/eleanore/assets/img/pricing-table/pricing-table-icon-1.png]
[demo.bonefishcode.com/eleanore/assets/img/pricing-table/pricing-table-icon-2.png]
[demo.bonefishcode.com/eleanore/assets/img/pricing-table/pricing-table-icon-3.png]
[demo.bonefishcode.com/eleanore/assets/img/contact/location-icon.png]
[demo.bonefishcode.com/eleanore/assets/img/contact/phone-icon.png]
[demo.bonefishcode.com/eleanore/assets/img/contact/email-icon.png]
[demo.bonefishcode.com/eleanore/assets/img/subscribe/subscribe-icon-1.png]
[demo.bonefishcode.com/eleanore/assets/audio/happy.mp3]
[demo.bonefishcode.com/eleanore/assets/js/jquery-1.11.3.min.js]
[demo.bonefishcode.com/eleanore/assets/js/bootstrap.min.js]
[demo.bonefishcode.com/eleanore/assets/js/vendor.js]
[demo.bonefishcode.com/eleanore/assets/js/main.js]
[demo.bonefishcode.com/eleanore/assets/js/map.js]
[demo.bonefishcode.com/eleanore/index-layout-1-bg-flat+shooting-stars+audio.html]
[demo.bonefishcode.com/eleanore/assets/fonts/glyphicons-halflings-regular.eot]
[demo.bonefishcode.com/eleanore/assets/fonts/glyphicons-halflings-regular.woff2]
[demo.bonefishcode.com/eleanore/assets/fonts/glyphicons-halflings-regulard41d.eot]
[demo.bonefishcode.com/eleanore/assets/fonts/glyphicons-halflings-regular.woff]
[demo.bonefishcode.com/eleanore/assets/fonts/glyphicons-halflings-regular.ttf]
[demo.bonefishcode.com/eleanore/assets/css/bootstrap.min.css]
[demo.bonefishcode.com/eleanore/assets/fonts/themify.eot]
[demo.bonefishcode.com/eleanore/assets/fonts/themify.woff]
[demo.bonefishcode.com/eleanore/assets/fonts/themifyd41d.eot]
[demo.bonefishcode.com/eleanore/assets/fonts/themify.ttf]
[demo.bonefishcode.com/eleanore/assets/img/ajax-loader.gif]
[demo.bonefishcode.com/eleanore/assets/fonts/slick.eot]
[demo.bonefishcode.com/eleanore/assets/fonts/slick.woff]
[demo.bonefishcode.com/eleanore/assets/fonts/slickd41d.eot]
[demo.bonefishcode.com/eleanore/assets/fonts/slick.ttf]
[demo.bonefishcode.com/eleanore/assets/css/vendor.css]
[demo.bonefishcode.com/eleanore/assets/img/animate-cloud.png]
[demo.bonefishcode.com/eleanore/assets/img/home/home-cloud-1.png]
[demo.bonefishcode.com/eleanore/assets/img/home/home-cloud-2.png]
[demo.bonefishcode.com/eleanore/assets/img/home/home-cloud-3.png]
[demo.bonefishcode.com/eleanore/assets/css/theme-1.css]
[demo.bonefishcode.com/eleanore/assets/css/custom.css]
[demo.bonefishcode.com/eleanore/assets/img/screenshot/screenshot-1.jpg]
[demo.bonefishcode.com/eleanore/assets/php/contact.html]
[demo.bonefishcode.com/eleanore/assets/fonts/glyphicons-halflings-regular.svg]
[demo.bonefishcode.com/eleanore/assets/fonts/themify.svg]
[demo.bonefishcode.com/eleanore/assets/css/font/ytp-regular.html]
[demo.bonefishcode.com/eleanore/assets/fonts/slick.svg]
[demo.bonefishcode.com/eleanore/assets/css/overlays/02.html]
